// Jest Snapshot v1, https://goo.gl/fbAQLP

exports[`Haiku Basho renders correctly 1`] = `
.c3 {
  font-size: clamp(1.00rem,1.1vw,1.25rem);
}

.c1 {
  font-size: clamp(1.50rem,2.9vw,3.25rem);
  font-weight: 900;
  -webkit-letter-spacing: normal;
  -moz-letter-spacing: normal;
  -ms-letter-spacing: normal;
  letter-spacing: normal;
  line-height: 1.0;
  margin-bottom: clamp(1.44rem,3.70vw,1.728rem);
  margin-top: 0;
}

.c1 .autolink {
  background: transparent;
  display: -webkit-inline-box;
  display: -webkit-inline-flex;
  display: -ms-inline-flexbox;
  display: inline-flex;
  fill: var(--colorForeground);
  margin-left: clamp( 0.335rem,0.72vw,0.402rem);
  opacity: 0;
  vertical-align: middle;
}

.c1:hover .autolink,
.c1:focus .autolink {
  opacity: 0.5;
}

.c2 {
  font-size: clamp(1.00rem,1.1vw,1.25rem);
  font-weight: 400;
  -webkit-letter-spacing: normal;
  -moz-letter-spacing: normal;
  -ms-letter-spacing: normal;
  letter-spacing: normal;
  line-height: 1.6;
  margin-bottom: 0;
  margin-top: 0;
}

.c0 {
  grid-column: 2 / -2;
  grid-row: 4;
}

@media screen and (prefers-reduced-motion:no-preference) {
  .c1 .autolink {
    -webkit-transition-duration: 500ms;
    transition-duration: 500ms;
    -webkit-transition-property: opacity;
    transition-property: opacity;
    -webkit-transition-timing-function: ease-in-out;
    transition-timing-function: ease-in-out;
  }
}

@media (min-width:768px) {
  .c0 {
    grid-column: 2 / 9;
  }
}

@media (min-width:1200px) {
  .c0 {
    grid-column: 5 / 11;
  }
}

<div
  class="c0"
>
  <h2
    class="c1"
  >
    Matsuo Bashô
    <span>
       
    </span>
  </h2>
  <p
    class="c2"
  >
    Matsuo Bashô (
    <ruby
      class="c3"
    >
      松
      <rp>
        （
      </rp>
      <rt>
        まつ
      </rt>
      <rp>
        ）
      </rp>
    </ruby>
    <ruby
      class="c3"
    >
      尾
      <rp>
        （
      </rp>
      <rt>
        お
      </rt>
      <rp>
        ）
      </rp>
    </ruby>
    <ruby
      class="c3"
    >
      芭
      <rp>
        （
      </rp>
      <rt>
        バ
      </rt>
      <rp>
        ）
      </rp>
    </ruby>
    <ruby
      class="c3"
    >
      蕉
      <rp>
        （
      </rp>
      <rt>
        ショウ
      </rt>
      <rp>
        ）
      </rp>
    </ruby>
    ) was the most famous poet of the Edo period in Japan. I love his poems and highly recommend reading some of his work. His poems inspired me to start writing my own.
  </p>
</div>
`;
