// Jest Snapshot v1, https://goo.gl/fbAQLP

exports[`Navigation renders correctly 1`] = `
.c0 {
  display: -webkit-box;
  display: -webkit-flex;
  display: -ms-flexbox;
  display: flex;
  -webkit-flex-wrap: wrap;
  -ms-flex-wrap: wrap;
  flex-wrap: wrap;
  list-style: none;
  margin: 0;
  padding: 0;
}

.c1 {
  margin-right: 20px;
}

.c2 {
  color: var(--colorText);
  -webkit-text-decoration: none;
  text-decoration: none;
  -webkit-text-decoration-color: var(--colorLink);
  text-decoration-color: var(--colorLink);
}

.c2:hover,
.c2:focus {
  -webkit-text-decoration: underline;
  text-decoration: underline;
  -webkit-text-decoration-color: var(--colorLinkActive) !important;
  text-decoration-color: var(--colorLinkActive) !important;
  -webkit-text-decoration-thickness: 0.1em;
  text-decoration-thickness: 0.1em;
  text-underline-offset: 0.1em;
}

@supports (not (text-decoration-color:red)) {
  .c2:hover,
  .c2:focus {
    color: var(--colorLink);
  }
}

<nav
  class="nav"
  role="navigation"
>
  <ul
    class="c0"
  >
    <li
      class="c1"
    >
      <a
        class="c2"
        href="/about/"
      >
        About
      </a>
    </li>
    <li
      class="c1"
    >
      <a
        class="c2"
        href="/projects/"
      >
        Projects
      </a>
    </li>
  </ul>
</nav>
`;
