// Jest Snapshot v1, https://goo.gl/fbAQLP

exports[`KeyboardShortcut renders correctly 1`] = `
.c0 {
  background-color: #f7f7f7;
  border-color: #cccccc;
  border-style: solid;
  border-width: 1px;
  box-shadow: 0 1px 0 rgba(0,0,0,0.2),inset 0 0 0 2px #ffffff;
  color: #333333;
  display: inline-block;
  font-size: clamp(0.65rem,0.8vw,0.75rem);
  font-weight: 700;
  line-height: 1.4;
  padding: 0.3em 0.6em 0.1em;
  text-shadow: 0 1px 0 #ffffff;
  white-space: nowrap;
}

<kbd
  class="c0"
>
  ⌘
</kbd>
`;
