// Jest Snapshot v1, https://goo.gl/fbAQLP

exports[`EmojifyToggle renders correctly 1`] = `
.c0 {
  background: transparent;
  border: 0;
  cursor: pointer;
  height: 40px;
  position: relative;
  width: 40px;
}

.c1 {
  font-size: 1.5rem;
  left: 6px;
  position: absolute;
  top: 9px;
}

<button
  aria-label="Show Emoji"
  class="c0"
  type="button"
>
  <span
    aria-label="Monkey Face"
    class="c1"
    role="img"
  >
    🐵
  </span>
</button>
`;
