// Jest Snapshot v1, https://goo.gl/fbAQLP

exports[`OrderedList renders correctly 1`] = `
.c0 {
  font-size: clamp(1.00rem,1.1vw,1.25rem);
  padding-left: 0;
}

li .c0 {
  padding-left: 2rem;
}

<ol
  class="c0"
>
  <li>
    Early Stoics
    <ol
      class="c0"
    >
      <li>
        Zeno of Citium
      </li>
      <li>
        Chrysippus
      </li>
      <li>
        Chrysippus
      </li>
    </ol>
  </li>
</ol>
`;
