// Jest Snapshot v1, https://goo.gl/fbAQLP

exports[`RubyAnnotation renders correctly 1`] = `
.c0 {
  font-size: 1.25rem;
}

<p>
  <ruby
    class="c0"
    font-size="3"
  >
    日
    <rp
      class=""
    >
      （
    </rp>
    <rt
      class=""
    >
      に
    </rt>
    <rp
      class=""
    >
      ）
    </rp>
  </ruby>
  <ruby
    class="c0"
    font-size="3"
  >
    本
    <rp
      class=""
    >
      （
    </rp>
    <rt
      class=""
    >
      ほん
    </rt>
    <rp
      class=""
    >
      ）
    </rp>
  </ruby>
  <ruby
    class="c0"
    font-size="3"
  >
    語
    <rp
      class=""
    >
      （
    </rp>
    <rt
      class=""
    >
      ご
    </rt>
    <rp
      class=""
    >
      ）
    </rp>
  </ruby>
  で
  <ruby
    class="c0"
    font-size="3"
  >
    書
    <rp
      class=""
    >
      （
    </rp>
    <rt
      class=""
    >
      か
    </rt>
    <rp
      class=""
    >
      ）
    </rp>
  </ruby>
  いた
  <ruby
    class="c0"
    font-size="3"
  >
    作
    <rp
      class=""
    >
      （
    </rp>
    <rt
      class=""
    >
      さく
    </rt>
    <rp
      class=""
    >
      ）
    </rp>
  </ruby>
  <ruby
    class="c0"
    font-size="3"
  >
    文
    <rp
      class=""
    >
      （
    </rp>
    <rt
      class=""
    >
      ぶん
    </rt>
    <rp
      class=""
    >
      ）
    </rp>
  </ruby>
  です。
</p>
`;
