// Jest Snapshot v1, https://goo.gl/fbAQLP

exports[`InlineCode renders correctly 1`] = `
.c0 {
  background-color: var(--colorCodeBackground);
  border-radius: 8px;
  color: var(--colorCodeForeground);
  font-size: clamp(0.65rem,0.8vw,0.75rem);
  padding: 0.335rem clamp( 0.402rem,0.86vw,0.482rem);
  white-space: normal;
  word-break: break-all;
}

<code
  class="c0"
>
  InlineCode
</code>
`;
