// Jest Snapshot v1, https://goo.gl/fbAQLP

exports[`InlineCode renders correctly 1`] = `
.c0 {
  background-color: var(--colorCodeBackground);
  border-radius: 8px;
  color: var(--colorCodeText);
  font-size: 0.773rem;
  padding: 0.335rem 0.482rem;
}

<code
  class="c0"
>
  const myVar = "Hello World";
</code>
`;
