// Jest Snapshot v1, https://goo.gl/fbAQLP

exports[`Projects IgaNinjaFont renders correctly 1`] = `
.c10 {
  color: var(--colorForeground);
  font-weight: 600;
  -webkit-text-decoration-color: var(--colorForegroundSoft);
  text-decoration-color: var(--colorForegroundSoft);
  -webkit-text-decoration-thickness: 0.1em;
  text-decoration-thickness: 0.1em;
  text-underline-offset: 0.1em;
}

.c10:hover,
.c10:focus {
  -webkit-text-decoration-color: var(--colorAccent);
  text-decoration-color: var(--colorAccent);
}

.c11 {
  display: -webkit-inline-box;
  display: -webkit-inline-flex;
  display: -ms-inline-flexbox;
  display: inline-flex;
  fill: var(--colorForeground);
  margin-left: 0.2em;
  position: relative;
  top: 0.2em;
  -webkit-transition-duration: 500ms;
  transition-duration: 500ms;
  -webkit-transition-property: -webkit-transform;
  -webkit-transition-property: transform;
  transition-property: transform;
  -webkit-transition-timing-function: ease-in-out;
  transition-timing-function: ease-in-out;
}

a:hover .c11,
a:active .c11,
a:focus .c11 {
  -webkit-transform: translate3D(0.25rem,0,0);
  -ms-transform: translate3D(0.25rem,0,0);
  transform: translate3D(0.25rem,0,0);
}

.c8 {
  font-size: clamp(1.50rem,2.9vw,3.25rem);
  font-weight: 900;
  -webkit-letter-spacing: normal;
  -moz-letter-spacing: normal;
  -ms-letter-spacing: normal;
  letter-spacing: normal;
  line-height: 1.0;
  margin-bottom: clamp(1.44rem,3.70vw,1.728rem);
  margin-top: 0;
}

.c8 .autolink {
  background: transparent;
  display: -webkit-inline-box;
  display: -webkit-inline-flex;
  display: -ms-inline-flexbox;
  display: inline-flex;
  fill: var(--colorForeground);
  margin-left: clamp( 0.335rem,0.72vw,0.402rem);
  opacity: 0;
  vertical-align: middle;
}

.c8:hover .autolink,
.c8:focus .autolink {
  opacity: 0.5;
}

.c9 {
  font-size: clamp(1.00rem,1.1vw,1.25rem);
  font-weight: 400;
  -webkit-letter-spacing: normal;
  -moz-letter-spacing: normal;
  -ms-letter-spacing: normal;
  letter-spacing: normal;
  line-height: 1.6;
  margin-bottom: clamp(1.44rem,3.70vw,1.728rem);
  margin-top: 0;
}

.c0 {
  display: grid;
  grid-column: 1 / -1;
  grid-template-columns: repeat(18,1fr);
}

.c1 {
  display: grid;
  grid-column: 1 / -1;
  gap: 5.55vw;
  grid-template-columns: 1fr;
  justify-items: center;
  -webkit-align-items: center;
  -webkit-box-align: center;
  -ms-flex-align: center;
  align-items: center;
}

.c3 {
  height: 100%;
  position: relative;
  -webkit-transition-duration: 500ms;
  transition-duration: 500ms;
  -webkit-transition-property: -webkit-transform;
  -webkit-transition-property: transform;
  transition-property: transform;
  -webkit-transition-timing-function: ease-in-out;
  transition-timing-function: ease-in-out;
  width: 100%;
}

.c3:hover,
.c3:focus {
  -webkit-transform: scale(1.03);
  -ms-transform: scale(1.03);
  transform: scale(1.03);
}

.c3::after {
  box-shadow: 0 0 50px rgba(0,0,0,0.2);
  content: '';
  height: 100%;
  left: 0;
  opacity: 0;
  position: absolute;
  top: 0;
  -webkit-transition-duration: 500ms;
  transition-duration: 500ms;
  -webkit-transition-property: opacity;
  transition-property: opacity;
  -webkit-transition-timing-function: ease-in-out;
  transition-timing-function: ease-in-out;
  width: 100%;
  z-index: -1;
}

.c3:hover::after,
.c3:focus::after {
  opacity: 1;
}

.c4 {
  border-color: var(--colorForegroundSoft);
  border-style: solid;
  border-width: 1px;
}

.c2 {
  width: 100%;
}

.c7 {
  color: var(--colorForegroundStrong);
  display: block;
  font-size: clamp(0.65rem,0.8vw,0.75rem);
  font-variant: small-caps;
  line-height: 1;
}

.c6 {
  padding-left: 5.55vw;
  padding-right: 5.55vw;
  width: 100%;
}

.c5 {
  border-left-width: 0;
  border-right-width: 0;
}

@media screen and (prefers-reduced-motion:no-preference) {
  .c8 .autolink {
    -webkit-transition-duration: 500ms;
    transition-duration: 500ms;
    -webkit-transition-property: opacity;
    transition-property: opacity;
    -webkit-transition-timing-function: ease-in-out;
    transition-timing-function: ease-in-out;
  }
}

@media (min-width:768px) {
  .c1 {
    grid-column: 2 / -2;
  }
}

@media (min-width:768px) {
  .c1 {
    grid-template-columns: repeat(2,1fr);
  }
}

@media (min-width:768px) {
  .c7 {
    padding: 0;
  }
}

@media (min-width:768px) {
  .c6 {
    padding: 0;
  }
}

@media (min-width:768px) {
  .c5 {
    border-left-width: 1px;
    border-right-width: 1px;
  }
}

<section
  class="c0"
>
  <div
    class="c1"
  >
    <div
      class="c2"
      data-sal="slide-up"
      data-sal-duration="800"
    >
      <div
        class="c3"
      >
        <div
          class="c4 c5 gatsby-image-wrapper"
          style="position: relative; overflow: hidden;"
        >
          <div
            aria-hidden="true"
            style="width: 100%; padding-bottom: 151.5151515151515%;"
          />
          <img
            alt=""
            aria-hidden="true"
            src="data:image/jpeg;base64,XYZ"
            style="position: absolute; top: 0px; left: 0px; width: 100%; height: 100%; object-fit: cover; object-position: center; opacity: 1; transition-delay: 500ms;"
          />
          <picture>
            <source
              sizes="(max-width: 1200px) 100vw, 1200px"
              srcset="/static/cover.jpg 200w, /static/cover.jpg 400w"
            />
            <img
              alt=""
              loading="lazy"
              sizes="(max-width: 1200px) 100vw, 1200px"
              src="/static/cover.jpg"
              srcset="/static/cover.jpg 200w, /static/cover.jpg 400w"
              style="position: absolute; top: 0px; left: 0px; width: 100%; height: 100%; object-fit: cover; object-position: center; opacity: 0; transition: opacity 500ms;"
            />
          </picture>
          <noscript>
            &lt;picture&gt;&lt;source srcset="/static/cover.jpg 200w, /static/cover.jpg 400w" sizes="(max-width: 1200px) 100vw, 1200px" /&gt;&lt;img loading="lazy" sizes="(max-width: 1200px) 100vw, 1200px" srcset="/static/cover.jpg 200w, /static/cover.jpg 400w" src="/static/cover.jpg" alt="" style="position:absolute;top:0;left:0;opacity:1;width:100%;height:100%;object-fit:cover;object-position:center"/&gt;&lt;/picture&gt;
          </noscript>
        </div>
      </div>
    </div>
    <div
      class="c6"
      data-sal="slide-up"
      data-sal-duration="800"
    >
      <small
        class="c7"
      >
        Type Design / Graphic Design
      </small>
      <h2
        class="c8"
      >
        Ingo: Iga Ninja Cipher Font
        <span>
           
        </span>
      </h2>
      <p
        class="c9"
      >
        The 
        <em>
          Iga Ninja Cipher Font
        </em>
         was created by me of an image provided by the 
        <strong>
          Iga Ninja Museum
        </strong>
         in Japan and is said to be a font for correspondence in cipher. It was a fun personal project to learn how to create a typeface.
      </p>
      <a
        class="c10"
        href="https://github.com/kogakure/font-ingo"
        rel="nofollow noopener noreferrer external"
      >
        GitHub
        <span
          class="c11"
        >
          <svg
            height="1em"
            viewBox="0 0 24 24"
            width="1em"
          >
            <path
              d="M0 0h24v24H0z"
              fill="none"
            />
            <path
              d="M16.172 11l-5.364-5.364 1.414-1.414L20 12l-7.778 7.778-1.414-1.414L16.172 13H4v-2z"
            />
          </svg>
        </span>
      </a>
    </div>
  </div>
</section>
`;
