// Jest Snapshot v1, https://goo.gl/fbAQLP

exports[`Verse renders correctly 1`] = `
.c0 {
  display: -webkit-box;
  display: -webkit-flex;
  display: -ms-flexbox;
  display: flex;
  font-style: italic;
  margin: 1.728rem;
}

.c0 p {
  margin: 0;
}

.c1 {
  font-family: inherit;
  margin-bottom: 0;
  margin-left: auto;
  margin-right: auto;
  margin-top: 0;
}

<blockquote
  class="c0"
>
  <pre
    class="c1"
  >
    <p>
      God guard me from those thoughts men think
      <br />
      In the mind alone;
      <br />
      He that sings a lasting song
      <br />
      Thinks in a marrow bone.
    </p>
  </pre>
</blockquote>
`;
