// Jest Snapshot v1, https://goo.gl/fbAQLP

exports[`EmojifyToggle renders correctly 1`] = `
.c0 {
  -webkit-align-items: center;
  -webkit-box-align: center;
  -ms-flex-align: center;
  align-items: center;
  background: transparent;
  border: 0;
  cursor: pointer;
  display: -webkit-box;
  display: -webkit-flex;
  display: -ms-flexbox;
  display: flex;
  height: 40px;
  -webkit-box-pack: center;
  -webkit-justify-content: center;
  -ms-flex-pack: center;
  justify-content: center;
  width: 40px;
}

.c1 {
  font-size: 1.5rem;
}

<button
  aria-label="Show Emoji"
  class="c0"
  type="button"
>
  <span
    aria-label="Monkey Face"
    class="c1"
    role="img"
  >
    🐵
  </span>
</button>
`;
