// Jest Snapshot v1, https://goo.gl/fbAQLP

exports[`Haiku Books renders correctly 1`] = `
.c0 {
  display: grid;
  grid-column: 1 / -1;
  grid-row: 1;
  grid-template-columns: repeat(auto-fit,minmax(15rem,1fr));
  min-height: 100vh;
  overflow-y: scroll;
  z-index: 0;
}

@media (min-width:25rem) {
  .c0 {
    grid-template-columns: repeat(auto-fit,minmax(25rem,1fr));
  }
}

<div
  class="c0"
>
  HaikuGrid
</div>
`;
