// Jest Snapshot v1, https://goo.gl/fbAQLP

exports[`Projects JapaneseColor renders correctly 1`] = `
.c6 {
  color: var(--colorForeground);
  font-weight: 600;
  -webkit-text-decoration-color: var(--colorForegroundSoft);
  text-decoration-color: var(--colorForegroundSoft);
  -webkit-text-decoration-thickness: 0.1em;
  text-decoration-thickness: 0.1em;
  text-underline-offset: 0.1em;
}

.c6:hover,
.c6:focus {
  -webkit-text-decoration-color: var(--colorAccent);
  text-decoration-color: var(--colorAccent);
}

.c9 {
  border-color: var(--colorForegroundSoft);
  border-radius: 5px;
  border-style: solid;
  border-width: 1px;
  box-shadow: 0 0 50px rgba(0,0,0,0.2);
  display: -webkit-box;
  display: -webkit-flex;
  display: -ms-flexbox;
  display: flex;
  -webkit-flex-direction: column;
  -ms-flex-direction: column;
  flex-direction: column;
  font-family: Helvetica,Arial,sans-serif;
  font-size: 0.8rem;
  -webkit-transition-duration: 500ms;
  transition-duration: 500ms;
  -webkit-transition-property: -webkit-transform;
  -webkit-transition-property: transform;
  transition-property: transform;
  -webkit-transition-timing-function: ease-in-out;
  transition-timing-function: ease-in-out;
  width: 100%;
}

.c9:hover,
.c9:focus {
  -webkit-transform: scale(1.03);
  -ms-transform: scale(1.03);
  transform: scale(1.03);
}

.c10 {
  background: lightgrey;
  border-bottom-color: var(--colorForegroundSoft);
  border-bottom-style: solid;
  border-bottom-width: 1px;
  border-top-left-radius: 5px;
  border-top-right-radius: 5px;
  min-height: 6rem;
}

.c11 {
  background: var(--colorBackgroundFullContrast);
  border-bottom-left-radius: 5px;
  border-bottom-right-radius: 5px;
  color: var(--colorForegroundFullContrast);
  height: 100%;
  min-height: 8rem;
  padding: 0.8rem 0.6rem;
  position: relative;
}

.c12 {
  font-size: 0.8rem;
}

.c13 {
  padding-bottom: 0.1rem;
  padding-top: 0.1rem;
}

.c7 {
  display: -webkit-inline-box;
  display: -webkit-inline-flex;
  display: -ms-inline-flexbox;
  display: inline-flex;
  fill: var(--colorForeground);
  margin-left: 0.2em;
  position: relative;
  top: 0.2em;
  -webkit-transition-duration: 500ms;
  transition-duration: 500ms;
  -webkit-transition-property: -webkit-transform;
  -webkit-transition-property: transform;
  transition-property: transform;
  -webkit-transition-timing-function: ease-in-out;
  transition-timing-function: ease-in-out;
}

a:hover .c7,
a:active .c7,
a:focus .c7 {
  -webkit-transform: translate3D(0.25rem,0,0);
  -ms-transform: translate3D(0.25rem,0,0);
  transform: translate3D(0.25rem,0,0);
}

.c4 {
  font-size: clamp(1.50rem,2.9vw,3.25rem);
  font-weight: 900;
  -webkit-letter-spacing: normal;
  -moz-letter-spacing: normal;
  -ms-letter-spacing: normal;
  letter-spacing: normal;
  line-height: 1.0;
  margin-bottom: clamp(1.44rem,3.70vw,1.728rem);
  margin-top: 0;
}

.c4 .autolink {
  background: transparent;
  display: -webkit-inline-box;
  display: -webkit-inline-flex;
  display: -ms-inline-flexbox;
  display: inline-flex;
  fill: var(--colorForeground);
  margin-left: clamp( 0.335rem,0.72vw,0.402rem);
  opacity: 0;
  vertical-align: middle;
}

.c4:hover .autolink,
.c4:focus .autolink {
  opacity: 0.5;
}

.c5 {
  font-size: clamp(1.00rem,1.1vw,1.25rem);
  font-weight: 400;
  -webkit-letter-spacing: normal;
  -moz-letter-spacing: normal;
  -ms-letter-spacing: normal;
  letter-spacing: normal;
  line-height: 1.6;
  margin-bottom: clamp(1.44rem,3.70vw,1.728rem);
  margin-top: 0;
}

.c0 {
  margin-bottom: clamp(2.488rem,5.32vw,2.986rem);
  display: grid;
  grid-column: 1 / -1;
  grid-template-columns: repeat(18,1fr);
}

.c1 {
  display: grid;
  -webkit-box-pack: center;
  -webkit-justify-content: center;
  -ms-flex-pack: center;
  justify-content: center;
  justify-items: center;
  -webkit-align-items: center;
  -webkit-box-align: center;
  -ms-flex-align: center;
  align-items: center;
  gap: 5.55vw;
  grid-template-columns: 1fr;
  justify-items: center;
  grid-column: 1 / -1;
}

.c3 {
  color: var(--colorForegroundStrong);
  display: block;
  font-size: clamp(0.65rem,0.8vw,0.75rem);
  font-variant: small-caps;
  line-height: 1;
}

.c2 {
  padding-left: 5.55vw;
  padding-right: 5.55vw;
  width: 100%;
}

.c8 {
  display: grid;
  grid-gap: clamp( 0.579rem,1.24vw,0.694rem);
  grid-template-columns: repeat(auto-fill,minmax(12rem,1fr));
  padding-left: 5.55vw;
  padding-right: 5.55vw;
  width: 100%;
}

@media screen and (prefers-reduced-motion:no-preference) {
  .c4 .autolink {
    -webkit-transition-duration: 500ms;
    transition-duration: 500ms;
    -webkit-transition-property: opacity;
    transition-property: opacity;
    -webkit-transition-timing-function: ease-in-out;
    transition-timing-function: ease-in-out;
  }
}

@media (min-width:768px) {
  .c1 {
    grid-template-columns: repeat(2,1fr);
  }
}

@media (min-width:768px) {
  .c1 {
    grid-column: 2 / -2;
  }
}

@media (min-width:768px) {
  .c3 {
    padding: 0;
  }
}

@media (min-width:768px) {
  .c2 {
    padding: 0;
  }
}

@media (min-width:768px) {
  .c8 {
    padding-left: 0;
    padding-right: 0;
  }
}

<section
  class="c0"
>
  <div
    class="c1"
  >
    <div
      class="c2"
      data-sal="slide-up"
      data-sal-duration="800"
    >
      <small
        class="c3"
      >
        Design / Web Development
      </small>
      <h2
        class="c4"
      >
        The Traditional Colors of Japan
        <span>
           
        </span>
      </h2>
      <p
        class="c5"
      >
        In 2007 I stumbled upon a Japanese book about the traditional colors of Japan by 
        <strong>
          Nobyoshi Hamada
        </strong>
        . He listed all 250 colors with their color value in the appendix. I took some time to create an
         
        <abbr
          title="Adobe Swatch Exchange"
        >
          ASE
        </abbr>
         file to be used with all common design software.
      </p>
      <p
        class="c5"
      >
        With this version of the website I finally dedicate an extra section to the colors, listing them all with their name and color values.
      </p>
      <a
        class="c6"
        href="/traditional-colors-of-japan/"
      >
        See Traditional Colors of Japan
        <span
          class="c7"
        >
          <svg
            height="1em"
            viewBox="0 0 24 24"
            width="1em"
          >
            <path
              d="M0 0h24v24H0z"
              fill="none"
            />
            <path
              d="M16.172 11l-5.364-5.364 1.414-1.414L20 12l-7.778 7.778-1.414-1.414L16.172 13H4v-2z"
            />
          </svg>
        </span>
      </a>
    </div>
    <div
      class="c8"
      data-sal="slide-up"
      data-sal-duration="800"
    >
      <div
        class="c9"
      >
        <div
          class="c10"
          style="background-color: rgb(215, 84, 85);"
        />
        <div
          class="c11"
        >
          <div
            class="c12"
          >
            <div
              class="c13"
            >
              <strong>
                R
              </strong>
               
              215
               
              <strong>
                G
              </strong>
               
              84
               
              <strong>
                B
              </strong>
               
              85
               
            </div>
            <div
              class="c13"
            >
              <strong>
                H
              </strong>
               
              360
               
              <strong>
                S
              </strong>
               
              62
               
              <strong>
                L
              </strong>
               
              59
               
            </div>
            <div
              class="c13"
            >
              <strong>
                #D75455
              </strong>
            </div>
          </div>
        </div>
      </div>
      <div
        class="c9"
      >
        <div
          class="c10"
          style="background-color: rgb(150, 99, 46);"
        />
        <div
          class="c11"
        >
          <div
            class="c12"
          >
            <div
              class="c13"
            >
              <strong>
                R
              </strong>
               
              150
               
              <strong>
                G
              </strong>
               
              99
               
              <strong>
                B
              </strong>
               
              46
               
            </div>
            <div
              class="c13"
            >
              <strong>
                H
              </strong>
               
              31
               
              <strong>
                S
              </strong>
               
              53
               
              <strong>
                L
              </strong>
               
              38
               
            </div>
            <div
              class="c13"
            >
              <strong>
                #96632E
              </strong>
            </div>
          </div>
        </div>
      </div>
      <div
        class="c9"
      >
        <div
          class="c10"
          style="background-color: rgb(58, 143, 183);"
        />
        <div
          class="c11"
        >
          <div
            class="c12"
          >
            <div
              class="c13"
            >
              <strong>
                R
              </strong>
               
              58
               
              <strong>
                G
              </strong>
               
              143
               
              <strong>
                B
              </strong>
               
              183
               
            </div>
            <div
              class="c13"
            >
              <strong>
                H
              </strong>
               
              199
               
              <strong>
                S
              </strong>
               
              52
               
              <strong>
                L
              </strong>
               
              47
               
            </div>
            <div
              class="c13"
            >
              <strong>
                #3A8FB7
              </strong>
            </div>
          </div>
        </div>
      </div>
      <div
        class="c9"
      >
        <div
          class="c10"
          style="background-color: rgb(0, 98, 132);"
        />
        <div
          class="c11"
        >
          <div
            class="c12"
          >
            <div
              class="c13"
            >
              <strong>
                R
              </strong>
               
              0
               
              <strong>
                G
              </strong>
               
              98
               
              <strong>
                B
              </strong>
               
              132
               
            </div>
            <div
              class="c13"
            >
              <strong>
                H
              </strong>
               
              195
               
              <strong>
                S
              </strong>
               
              100
               
              <strong>
                L
              </strong>
               
              26
               
            </div>
            <div
              class="c13"
            >
              <strong>
                #006284
              </strong>
            </div>
          </div>
        </div>
      </div>
    </div>
  </div>
</section>
`;
