// Jest Snapshot v1, https://goo.gl/fbAQLP

exports[`HorizontalRule renders correctly 1`] = `
.c0 {
  border-bottom-width: 0.1em;
  border-color: var(--colorForegroundFeather);
  border-left-width: 0;
  border-right-width: 0;
  border-style: solid;
  border-top-width: 0;
  margin-bottom: clamp(2.986rem,6.39vw,3.583rem);
  margin-top: clamp(2.986rem,6.39vw,3.583rem);
  width: 100%;
}

<hr
  class="c0"
/>
`;
