// Jest Snapshot v1, https://goo.gl/fbAQLP

exports[`RubyAnnotation renders correctly 1`] = `
.c0 {
  font-size: 1.25rem;
}

<p>
  <ruby
    class="c0"
  >
    日
    <rp>
      （
    </rp>
    <rt>
      に
    </rt>
    <rp>
      ）
    </rp>
  </ruby>
  <ruby
    class="c0"
  >
    本
    <rp>
      （
    </rp>
    <rt>
      ほん
    </rt>
    <rp>
      ）
    </rp>
  </ruby>
  <ruby
    class="c0"
  >
    語
    <rp>
      （
    </rp>
    <rt>
      ご
    </rt>
    <rp>
      ）
    </rp>
  </ruby>
  で
  <ruby
    class="c0"
  >
    書
    <rp>
      （
    </rp>
    <rt>
      か
    </rt>
    <rp>
      ）
    </rp>
  </ruby>
  いた
  <ruby
    class="c0"
  >
    作
    <rp>
      （
    </rp>
    <rt>
      さく
    </rt>
    <rp>
      ）
    </rp>
  </ruby>
  <ruby
    class="c0"
  >
    文
    <rp>
      （
    </rp>
    <rt>
      ぶん
    </rt>
    <rp>
      ）
    </rp>
  </ruby>
  です。
</p>
`;
