// Jest Snapshot v1, https://goo.gl/fbAQLP

exports[`Projects Writing renders correctly 1`] = `
.c6 {
  color: var(--colorForeground);
  font-weight: 600;
  -webkit-text-decoration-color: var(--colorForegroundSoft);
  text-decoration-color: var(--colorForegroundSoft);
  -webkit-text-decoration-thickness: 0.1em;
  text-decoration-thickness: 0.1em;
  text-underline-offset: 0.1em;
}

.c6:hover,
.c6:focus {
  -webkit-text-decoration-color: var(--colorAccent);
  text-decoration-color: var(--colorAccent);
}

.c7 {
  display: -webkit-inline-box;
  display: -webkit-inline-flex;
  display: -ms-inline-flexbox;
  display: inline-flex;
  fill: var(--colorForeground);
  margin-left: 0.2em;
  position: relative;
  top: 0.2em;
  -webkit-transition-duration: 500ms;
  transition-duration: 500ms;
  -webkit-transition-property: -webkit-transform;
  -webkit-transition-property: transform;
  transition-property: transform;
  -webkit-transition-timing-function: ease-in-out;
  transition-timing-function: ease-in-out;
}

a:hover .c7,
a:active .c7,
a:focus .c7 {
  -webkit-transform: translate3D(0.25rem,0,0);
  -ms-transform: translate3D(0.25rem,0,0);
  transform: translate3D(0.25rem,0,0);
}

.c4 {
  font-size: clamp(1.50rem,2.9vw,3.25rem);
  font-weight: 900;
  -webkit-letter-spacing: normal;
  -moz-letter-spacing: normal;
  -ms-letter-spacing: normal;
  letter-spacing: normal;
  line-height: 1.0;
  margin-bottom: clamp(1.44rem,3.70vw,1.728rem);
  margin-top: 0;
}

.c4 .autolink {
  background: transparent;
  display: -webkit-inline-box;
  display: -webkit-inline-flex;
  display: -ms-inline-flexbox;
  display: inline-flex;
  fill: var(--colorForeground);
  margin-left: clamp( 0.335rem,0.72vw,0.402rem);
  opacity: 0;
  vertical-align: middle;
}

.c4:hover .autolink,
.c4:focus .autolink {
  opacity: 0.5;
}

.c5 {
  font-size: clamp(1.00rem,1.1vw,1.25rem);
  font-weight: 400;
  -webkit-letter-spacing: normal;
  -moz-letter-spacing: normal;
  -ms-letter-spacing: normal;
  letter-spacing: normal;
  line-height: 1.6;
  margin-bottom: clamp(1.44rem,3.70vw,1.728rem);
  margin-top: 0;
}

.c0 {
  display: grid;
  grid-column: 1 / -1;
  grid-template-columns: repeat(18,1fr);
}

.c1 {
  display: grid;
  gap: 5.55vw;
  grid-template-columns: 1fr;
  justify-items: center;
  grid-column: 1 / -1;
}

.c3 {
  color: var(--colorForegroundStrong);
  display: block;
  font-size: clamp(0.65rem,0.8vw,0.75rem);
  font-variant: small-caps;
  line-height: 1;
}

.c2 {
  padding-left: 5.55vw;
  padding-right: 5.55vw;
  width: 100%;
}

@media screen and (prefers-reduced-motion:no-preference) {
  .c4 .autolink {
    -webkit-transition-duration: 500ms;
    transition-duration: 500ms;
    -webkit-transition-property: opacity;
    transition-property: opacity;
    -webkit-transition-timing-function: ease-in-out;
    transition-timing-function: ease-in-out;
  }
}

@media (min-width:768px) {
  .c1 {
    grid-template-columns: repeat(2,1fr);
  }
}

@media (min-width:768px) {
  .c1 > *:last-child {
    margin-top: 11vw;
  }
}

@media (min-width:768px) {
  .c1 {
    grid-column: 2 / -2;
  }
}

@media (min-width:768px) {
  .c3 {
    padding: 0;
  }
}

@media (min-width:768px) {
  .c2 {
    padding: 0;
  }
}

<section
  class="c0"
>
  <div
    class="c1"
  >
    <div
      class="c2"
      data-sal="slide-up"
      data-sal-duration="800"
    >
      <small
        class="c3"
      >
        Writing
      </small>
      <h2
        class="c4"
      >
        Journal & Blog
        <span>
           
        </span>
      </h2>
      <p
        class="c5"
      >
        I have been writing articles on this website since 
        <strong>
          2007
        </strong>
        . The topics include programming, design, self-improvement, productivity, books, and films. The collection has been much bigger, but I deleted outdated and irrelevant articles. Since 
        <strong>
          2019
        </strong>
         
        I also write a monthly article with recommendations of the past month.
      </p>
      <a
        block="0"
        class="c6"
        href="/journal/"
      >
        Read Journal
        <span
          class="c7"
        >
          <svg
            height="1em"
            viewBox="0 0 24 24"
            width="1em"
          >
            <path
              d="M0 0h24v24H0z"
              fill="none"
            />
            <path
              d="M16.172 11l-5.364-5.364 1.414-1.414L20 12l-7.778 7.778-1.414-1.414L16.172 13H4v-2z"
            />
          </svg>
        </span>
      </a>
    </div>
    <div
      class="c2"
      data-sal="slide-up"
      data-sal-duration="800"
    >
      <small
        class="c3"
      >
        Poetry / Writing
      </small>
      <h2
        class="c4"
      >
        Haiku
        <span>
           
        </span>
      </h2>
      <p
        class="c5"
      >
        I started writing Haiku poetry some years ago inspired by the works of the Japanese Haiku poet 
        <strong>
          Matsuo Bashō
        </strong>
        . I think Haiku is a fun, creative way to use limitation and brevity while saying something meaningful.
      </p>
      <a
        block="0"
        class="c6"
        href="/haiku/"
      >
        Read Haiku
        <span
          class="c7"
        >
          <svg
            height="1em"
            viewBox="0 0 24 24"
            width="1em"
          >
            <path
              d="M0 0h24v24H0z"
              fill="none"
            />
            <path
              d="M16.172 11l-5.364-5.364 1.414-1.414L20 12l-7.778 7.778-1.414-1.414L16.172 13H4v-2z"
            />
          </svg>
        </span>
      </a>
    </div>
  </div>
</section>
`;
