// Jest Snapshot v1, https://goo.gl/fbAQLP

exports[`Banner renders correctly 1`] = `
.c0 {
  background-color: var(--colorForegroundFeather);
  border-radius: 5px;
  margin-bottom: clamp(1.44rem,3.70vw,1.728rem);
  padding: clamp(1.44rem,3.70vw,1.728rem);
}

.c0 p:last-of-type {
  margin-bottom: 0;
}

<aside
  class="c0"
>
  Banner
</aside>
`;
