// Jest Snapshot v1, https://goo.gl/fbAQLP

exports[`Emojify renders correctly 1`] = `
.c0 {
  background: transparent;
  border: 0;
  cursor: pointer;
  height: 40px;
  position: relative;
  width: 40px;
}

.c1 {
  font-size: 1.5rem;
  left: 6px;
  position: absolute;
  top: 6px;
}

<button
  aria-label="Hide Emoji"
  class="c0"
  type="button"
>
  <span
    aria-label="See-No-Evil Monkey"
    class="c1"
    role="img"
  >
    🙈
  </span>
</button>
`;
