// Jest Snapshot v1, https://goo.gl/fbAQLP

exports[`Homepage Journal renders correctly 1`] = `
.c5 {
  color: var(--colorForeground);
  font-weight: 600;
  -webkit-text-decoration-color: var(--colorForegroundSoft);
  text-decoration-color: var(--colorForegroundSoft);
  -webkit-text-decoration-thickness: 0.1em;
  text-decoration-thickness: 0.1em;
  text-underline-offset: 0.1em;
}

.c5:hover,
.c5:focus {
  -webkit-text-decoration-color: var(--colorAccent);
  text-decoration-color: var(--colorAccent);
}

.c10 {
  color: var(--colorForeground);
  font-weight: 600;
  -webkit-text-decoration-color: var(--colorForegroundSoft);
  text-decoration-color: var(--colorForegroundSoft);
  -webkit-text-decoration-thickness: 0.1em;
  text-decoration-thickness: 0.1em;
  text-underline-offset: 0.1em;
}

.c10:hover,
.c10:focus {
  -webkit-text-decoration-color: var(--colorAccent);
  text-decoration-color: var(--colorAccent);
}

.c6 {
  display: -webkit-inline-box;
  display: -webkit-inline-flex;
  display: -ms-inline-flexbox;
  display: inline-flex;
  fill: var(--colorForeground);
  margin-left: 0.2em;
  position: relative;
  top: 0.2em;
  -webkit-transition-duration: 500ms;
  transition-duration: 500ms;
  -webkit-transition-property: -webkit-transform;
  -webkit-transition-property: transform;
  transition-property: transform;
  -webkit-transition-timing-function: ease-in-out;
  transition-timing-function: ease-in-out;
}

a:hover .c6,
a:active .c6,
a:focus .c6 {
  -webkit-transform: translate3D(0.25rem,0,0);
  -ms-transform: translate3D(0.25rem,0,0);
  transform: translate3D(0.25rem,0,0);
}

.c1 {
  font-size: clamp(1.50rem,2.9vw,3.25rem);
  font-weight: 900;
  -webkit-letter-spacing: normal;
  -moz-letter-spacing: normal;
  -ms-letter-spacing: normal;
  letter-spacing: normal;
  line-height: 1.0;
  margin-bottom: clamp(1.44rem,3.70vw,1.728rem);
  margin-top: 0;
}

.c1 .autolink {
  background: transparent;
  display: -webkit-inline-box;
  display: -webkit-inline-flex;
  display: -ms-inline-flexbox;
  display: inline-flex;
  fill: var(--colorForeground);
  margin-left: clamp( 0.335rem,0.72vw,0.402rem);
  opacity: 0;
  vertical-align: middle;
}

.c1:hover .autolink,
.c1:focus .autolink {
  opacity: 0.5;
}

.c8 {
  font-size: clamp(1.00rem,1.1vw,1.25rem);
  font-weight: 900;
  -webkit-letter-spacing: normal;
  -moz-letter-spacing: normal;
  -ms-letter-spacing: normal;
  letter-spacing: normal;
  line-height: 1.0;
  margin-bottom: clamp( 0.694rem,1.49vw,0.833rem);
  margin-top: 0;
}

.c8 .autolink {
  background: transparent;
  display: -webkit-inline-box;
  display: -webkit-inline-flex;
  display: -ms-inline-flexbox;
  display: inline-flex;
  fill: var(--colorForeground);
  margin-left: clamp( 0.335rem,0.72vw,0.402rem);
  opacity: 0;
  vertical-align: middle;
}

.c8:hover .autolink,
.c8:focus .autolink {
  opacity: 0.5;
}

.c4 {
  font-size: clamp(1.00rem,1.1vw,1.25rem);
  font-weight: 400;
  -webkit-letter-spacing: normal;
  -moz-letter-spacing: normal;
  -ms-letter-spacing: normal;
  letter-spacing: normal;
  line-height: 1.6;
  margin-bottom: clamp(1.44rem,3.70vw,1.728rem);
  margin-top: 0;
}

.c9 {
  font-size: clamp(1.00rem,1.1vw,1.25rem);
  font-weight: 400;
  -webkit-letter-spacing: normal;
  -moz-letter-spacing: normal;
  -ms-letter-spacing: normal;
  letter-spacing: normal;
  line-height: 1.6;
  margin-bottom: 0;
  margin-top: 0;
}

.c14 {
  cursor: pointer;
}

.c0 {
  grid-column: 2 / -2;
}

.c2 {
  display: grid;
  grid-template-columns: repeat(14,1fr);
}

.c3 {
  grid-column: 1 / -1;
  margin-bottom: clamp(1.44rem,3.70vw,1.728rem);
}

.c7 {
  grid-column: 1 / -1;
  margin-bottom: clamp(1.44rem,3.70vw,1.728rem);
}

.c11 {
  display: grid;
  gap: clamp( 1.0rem,2.14vw,1.2rem);
  grid-template-columns: repeat(auto-fill,minmax(15rem,1fr));
}

.c12 {
  -webkit-align-self: auto;
  -ms-flex-item-align: auto;
  align-self: auto;
  background-color: var(--colorForegroundFeather);
  border-color: var(--colorForegroundSoft);
  border-style: solid;
  border-width: 1px;
  display: -webkit-box;
  display: -webkit-flex;
  display: -ms-flexbox;
  display: flex;
  -webkit-flex-direction: column;
  -ms-flex-direction: column;
  flex-direction: column;
  margin-bottom: 0;
  margin-top: 0;
  padding: clamp( 0.579rem,1.24vw,0.694rem);
  position: relative;
  -webkit-transition-duration: 500ms;
  transition-duration: 500ms;
  -webkit-transition-property: -webkit-transform;
  -webkit-transition-property: transform;
  transition-property: transform;
  -webkit-transition-timing-function: ease-in-out;
  transition-timing-function: ease-in-out;
}

.c12:hover,
.c12:focus {
  -webkit-transform: scale(1.03);
  -ms-transform: scale(1.03);
  transform: scale(1.03);
}

.c12::after {
  box-shadow: 0 0 50px rgba(0,0,0,0.2);
  content: '';
  height: 100%;
  left: 0;
  opacity: 0;
  position: absolute;
  top: 0;
  -webkit-transition-duration: 500ms;
  transition-duration: 500ms;
  -webkit-transition-property: opacity;
  transition-property: opacity;
  -webkit-transition-timing-function: ease-in-out;
  transition-timing-function: ease-in-out;
  width: 100%;
  z-index: -1;
}

.c12:hover::after,
.c12:focus::after {
  opacity: 1;
}

.c13 {
  color: var(--colorForeground);
  -webkit-box-flex: 1;
  -webkit-flex-grow: 1;
  -ms-flex-positive: 1;
  flex-grow: 1;
  -webkit-text-decoration: none;
  text-decoration: none;
}

.c15 {
  display: block;
  font-size: clamp(0.65rem,0.8vw,0.75rem);
  font-variant: small-caps;
}

@media screen and (prefers-reduced-motion:no-preference) {
  .c1 .autolink {
    -webkit-transition-duration: 500ms;
    transition-duration: 500ms;
    -webkit-transition-property: opacity;
    transition-property: opacity;
    -webkit-transition-timing-function: ease-in-out;
    transition-timing-function: ease-in-out;
  }
}

@media screen and (prefers-reduced-motion:no-preference) {
  .c8 .autolink {
    -webkit-transition-duration: 500ms;
    transition-duration: 500ms;
    -webkit-transition-property: opacity;
    transition-property: opacity;
    -webkit-transition-timing-function: ease-in-out;
    transition-timing-function: ease-in-out;
  }
}

@media (min-width:768px) {
  .c0 {
    grid-column: 3 / -3;
  }
}

@media (min-width:768px) {
  .c3 {
    grid-column: 1 / 7;
  }
}

@media (min-width:768px) {
  .c7 {
    grid-column: 8 / -1;
  }
}

@media (min-width:768px) {
  .c12 {
    -webkit-align-self: start;
    -ms-flex-item-align: start;
    align-self: start;
    margin-bottom: 3vw;
    margin-top: 3vw;
  }
}

<section
  class="c0"
>
  <div
    data-sal="slide-up"
    data-sal-duration="800"
  >
    <h2
      class="c1"
    >
      Latest Articles
      <span>
         
      </span>
    </h2>
    <header
      class="c2"
    >
      <div
        class="c3"
      >
        <p
          class="c4"
        >
          I am writing about code, design, productivity, self-improvement, films, and books in this Journal and publish a monthly article with recommendations.
        </p>
        <p
          class="c4"
        >
          <a
            class="c5"
            href="/journal/"
          >
            See all articles
            <span
              class="c6"
            >
              <svg
                height="1em"
                viewBox="0 0 24 24"
                width="1em"
              >
                <path
                  d="M0 0h24v24H0z"
                  fill="none"
                />
                <path
                  d="M16.172 11l-5.364-5.364 1.414-1.414L20 12l-7.778 7.778-1.414-1.414L16.172 13H4v-2z"
                />
              </svg>
            </span>
          </a>
        </p>
      </div>
      <div
        class="c7"
      >
        <h3
          class="c8"
        >
          Subscribe
        </h3>
        <p
          class="c9"
        >
          Stay up to date. Subscribe to my
           
          <a
            class="c10"
            href="https://www.stefanimhoff.de/index.xml"
            rel="nofollow noopener noreferrer external"
          >
            RSS feed
          </a>
           
          and follow my link recommendations on
           
          <a
            class="c10"
            href="https://www.minds.com/kogakure/"
            rel="nofollow noopener noreferrer external"
            target="_blank"
          >
            Minds
          </a>
          .
        </p>
      </div>
    </header>
  </div>
  <div
    class="c11"
  >
    <article
      class="c12"
      data-sal="slide-up"
      data-sal-duration="800"
    >
      <a
        aria-label="Post 1"
        class="c13"
        href="/post-1"
      >
        <header>
          <time
            aria-label="Toggle date format"
            class="c14 c15"
            datetime="2020-05-31T16:00:00.000Z"
            role="button"
            tabindex="0"
          >
            May 31st, 2020
          </time>
          <h3
            class="c8"
          >
            Post 1
          </h3>
          This is an excerpt
        </header>
      </a>
    </article>
  </div>
</section>
`;
