// Jest Snapshot v1, https://goo.gl/fbAQLP

exports[`404 Huge404 renders correctly 1`] = `
.c0 {
  color: var(--colorForegroundFeather);
  font-size: clamp(5.50rem,28.7vw,22.43rem);
  font-weight: 900;
  grid-column: -6 / -1;
  grid-row: 2 / 4;
  line-height: 1.0;
  text-align: right;
  -webkit-writing-mode: vertical-lr;
  -ms-writing-mode: tb;
  writing-mode: vertical-lr;
  z-index: 0;
}

@media (min-width:1200px) {
  .c0 {
    grid-column: -6 / -2;
    grid-row: 1 / 4;
  }
}

<span
  aria-hidden="true"
  class="c0"
  role="img"
>
  404
</span>
`;
