// Jest Snapshot v1, https://goo.gl/fbAQLP

exports[`ThemeToggle renders correctly 1`] = `
.c0 {
  -webkit-align-items: center;
  -webkit-box-align: center;
  -ms-flex-align: center;
  align-items: center;
  background: transparent;
  border: 0;
  cursor: pointer;
  display: -webkit-box;
  display: -webkit-flex;
  display: -ms-flexbox;
  display: flex;
  height: 40px;
  -webkit-box-pack: center;
  -webkit-justify-content: center;
  -ms-flex-pack: center;
  justify-content: center;
  width: 40px;
}

.c1 {
  fill: var(--colorForeground);
  font-size: 0.8rem;
  -webkit-transition-duration: 500ms;
  transition-duration: 500ms;
  -webkit-transition-property: font-size;
  transition-property: font-size;
  -webkit-transition-timing-function: ease-in-out;
  transition-timing-function: ease-in-out;
}

.c1:hover,
.c1:focus {
  font-size: 1rem;
}

<button
  aria-label="Switch to light theme"
  class="c0"
  type="button"
>
  <svg
    aria-hidden="true"
    class="c1"
    clip-rule="evenodd"
    fill-rule="evenodd"
    height="1em"
    role="img"
    stroke-linejoin="round"
    stroke-miterlimit="2"
    viewBox="0 0 24 24"
    width="1em"
  >
    <circle
      cx="12"
      cy="12"
      r="9.967"
    />
  </svg>
</button>
`;
