// Jest Snapshot v1, https://goo.gl/fbAQLP

exports[`ThemeToggle renders correctly 1`] = `
.c0 {
  background: transparent;
  border: 0;
  cursor: pointer;
  height: 40px;
  position: relative;
  width: 40px;
}

.c1 {
  background-color: var(--colorBackground);
  fill: var(--colorText);
  font-size: 1rem;
  left: 12px;
  position: absolute;
  top: 12px;
}

<button
  aria-label="Swith to light theme"
  class="c0"
  type="button"
>
  <svg
    aria-label="Circle"
    class="c1"
    clip-rule="evenodd"
    fill-rule="evenodd"
    height="1em"
    role="img"
    stroke-linejoin="round"
    stroke-miterlimit="2"
    viewBox="0 0 24 24"
    width="1em"
  >
    <circle
      cx="12"
      cy="12"
      r="9.967"
    />
  </svg>
</button>
`;
