// Jest Snapshot v1, https://goo.gl/fbAQLP

exports[`About AboutMe renders correctly 1`] = `
.c1 {
  font-size: clamp(1.00rem,1.1vw,1.25rem);
  font-weight: 400;
  -webkit-letter-spacing: normal;
  -moz-letter-spacing: normal;
  -ms-letter-spacing: normal;
  letter-spacing: normal;
  line-height: 1.6;
  margin-bottom: clamp(1.44rem,3.70vw,1.728rem);
  margin-top: 0;
}

.c4 {
  font-size: clamp(1.00rem,1.1vw,1.25rem);
  font-weight: 400;
  -webkit-letter-spacing: normal;
  -moz-letter-spacing: normal;
  -ms-letter-spacing: normal;
  letter-spacing: normal;
  line-height: 1.6;
  margin-bottom: 0;
  margin-top: 0;
}

.c2 {
  color: var(--colorForeground);
  font-weight: 600;
  -webkit-text-decoration-color: var(--colorForegroundSoft);
  text-decoration-color: var(--colorForegroundSoft);
  -webkit-text-decoration-thickness: 0.1em;
  text-decoration-thickness: 0.1em;
  text-underline-offset: 0.1em;
}

.c2:hover,
.c2:focus {
  -webkit-text-decoration-color: var(--colorAccent);
  text-decoration-color: var(--colorAccent);
}

.c3 {
  color: var(--colorForeground);
  font-weight: 600;
  -webkit-text-decoration-color: var(--colorForegroundSoft);
  text-decoration-color: var(--colorForegroundSoft);
  -webkit-text-decoration-thickness: 0.1em;
  text-decoration-thickness: 0.1em;
  text-underline-offset: 0.1em;
}

.c3:hover,
.c3:focus {
  -webkit-text-decoration-color: var(--colorAccent);
  text-decoration-color: var(--colorAccent);
}

.c0 {
  grid-column: 2 / -2;
  grid-row: 3;
}

@media (min-width:768px) {
  .c0 {
    grid-column: 6 / 14;
  }
}

@media (min-width:1200px) {
  .c0 {
    grid-column: 8 / 13;
  }
}

<section
  class="c0"
>
  <p
    class="c1"
  >
    I’m 
    <em>
      Stefan Imhoff
    </em>
    , a Front-End Web Developer and Designer from Hamburg, Germany. I love design and art, reading books, watching movies and TV shows, creating Sketchnotes, taking photos, and writing
     
    <a
      class="c2"
      href="/haiku/"
    >
      Haiku
    </a>
    .
  </p>
  <p
    class="c1"
  >
    I love walking and cycling, and do
     
    <a
      class="c2"
      href="/calisthenics/"
    >
      Calisthenics
    </a>
     and running to fit. My favourite weather is thunderstorm and rain, but also warm, sunny weather. My favourite places are the sea and forests.
  </p>
  <p
    class="c1"
  >
    When I’m inside I like reading in my roughly 1,000 books. I am also a big fan of movies and TV shows. I love reading about typography, architecture or interior design. I like to cook,
     
    <a
      class="c3"
      href="https://en.wikipedia.org/wiki/Hochzeitssuppe"
      rel="nofollow noopener noreferrer external"
    >
      Niedersächsische Hochzeitssuppe
    </a>
     
    is my favourite dish.
  </p>
  <p
    class="c4"
  >
    I see myself as a 
    <a
      class="c2"
      href="/minimalism/"
    >
      Minimalist
    </a>
    , a Stoic, an Introvert and Japanophile. Writing is a passion of me. Besides writing 
    <a
      class="c2"
      href="/journal/"
    >
      articles
    </a>
     I’ve written a
     
    <a
      class="c3"
      href="https://book.kogakure.de/"
      rel="nofollow noopener noreferrer external"
    >
      book
    </a>
     and run
     
    <a
      class="c3"
      href="https://www.kogakure.de/"
      rel="nofollow noopener noreferrer external"
    >
      website
    </a>
     about Ninja and Ninjutsu.
  </p>
</section>
`;
