// Jest Snapshot v1, https://goo.gl/fbAQLP

exports[`Flag renders correctly 1`] = `
.c0 {
  background-color: lightgrey;
  border-color: darkgrey;
  border-radius: 2px;
  border-style: solid;
  border-width: 1px;
  color: black;
  font-family: 'Fira Code','Operator','Hasklig','Monoid',monospace;
  font-size: 0.7em;
  padding-bottom: 0em;
  padding-left: 0.3em;
  padding-right: 0.3em;
  padding-top: 0.1em;
  -webkit-text-decoration: none;
  text-decoration: none;
}

.c2 {
  display: none;
}

.c1 {
  background-color: rgb(207,0,0);
  border-color: rgb(207,0,0);
  color: white;
}

<a
  aria-label="Netflix"
  class="c0 c1"
  href="https://www.netflix.com/title/80014749"
  rel="nofollow noopener noreferrer external"
>
  <span
    aria-hidden="true"
    class="c2"
  >
    [
  </span>
  N
  <span
    aria-hidden="true"
    class="c2"
  >
    ]
  </span>
</a>
`;
