// Jest Snapshot v1, https://goo.gl/fbAQLP

exports[`Emojify renders correctly 1`] = `
.c0 {
  font-size: 1.25rem;
  font-weight: 400;
  -webkit-letter-spacing: normal;
  -moz-letter-spacing: normal;
  -ms-letter-spacing: normal;
  letter-spacing: normal;
  line-height: 1.6;
  margin-top: 0;
  margin-bottom: 2.488rem;
}

div > .c1 {
  font-size: 4em;
}

p .c1 {
  font-size: 1.5em;
  line-height: 0.8;
  position: relative;
  top: 0.1em;
}

<p
  class="c0"
  font-size="3"
  font-weight="400"
  letter-spacing="normal"
>
  <span
    aria-label="star_struck"
    class="c1"
    role="img"
  >
    🤩
  </span>
</p>
`;
