// Jest Snapshot v1, https://goo.gl/fbAQLP

exports[`Spoiler renders correctly 1`] = `
.c0 {
  display: none;
}

<strong
  aria-hidden="true"
  class="c0"
>
  SPOILER: 
</strong>
`;

exports[`Spoiler with layout "block" renders correctly 1`] = `
.c0 {
  display: none;
}

<strong
  aria-hidden="true"
  class="c0"
>
  SPOILER: 
</strong>
`;
