// Jest Snapshot v1, https://goo.gl/fbAQLP

exports[`Haiku MyHaiku renders correctly 1`] = `
.c5 {
  color: var(--colorForeground);
  font-weight: 600;
  -webkit-text-decoration-color: var(--colorForegroundSoft);
  text-decoration-color: var(--colorForegroundSoft);
  -webkit-text-decoration-thickness: 0.1em;
  text-decoration-thickness: 0.1em;
  text-underline-offset: 0.1em;
}

.c5:hover,
.c5:focus {
  -webkit-text-decoration-color: var(--colorAccent);
  text-decoration-color: var(--colorAccent);
}

.c1 {
  font-size: clamp(1.50rem,2.9vw,3.25rem);
  font-weight: 900;
  -webkit-letter-spacing: normal;
  -moz-letter-spacing: normal;
  -ms-letter-spacing: normal;
  letter-spacing: normal;
  line-height: 1.0;
  margin-bottom: clamp(1.44rem,3.70vw,1.728rem);
  margin-top: 0;
}

.c1 .autolink {
  background: transparent;
  display: -webkit-inline-box;
  display: -webkit-inline-flex;
  display: -ms-inline-flexbox;
  display: inline-flex;
  fill: var(--colorForeground);
  margin-left: clamp( 0.335rem,0.72vw,0.402rem);
  opacity: 0;
  vertical-align: middle;
}

.c1:hover .autolink,
.c1:focus .autolink {
  opacity: 0.5;
}

.c2 {
  font-size: clamp(1.00rem,1.1vw,1.25rem);
  font-weight: 400;
  -webkit-letter-spacing: normal;
  -moz-letter-spacing: normal;
  -ms-letter-spacing: normal;
  letter-spacing: normal;
  line-height: 1.6;
  margin-bottom: clamp(1.44rem,3.70vw,1.728rem);
  margin-top: 0;
}

.c0 {
  grid-column: 2 / -2;
  grid-row: 6;
}

.c3 {
  display: grid;
  grid-gap: 1rem;
  grid-template-columns: repeat(auto-fill,minmax(3rem,1fr));
  justify-items: center;
  list-style: none;
  margin: 0;
  padding: 0;
}

.c4 {
  background-color: var(--colorAccent);
  border-radius: 50%;
}

.c6 {
  -webkit-align-items: center;
  -webkit-box-align: center;
  -ms-flex-align: center;
  align-items: center;
  border-radius: 50%;
  color: #ffffff;
  display: -webkit-box;
  display: -webkit-flex;
  display: -ms-flexbox;
  display: flex;
  height: 2rem;
  -webkit-box-pack: center;
  -webkit-justify-content: center;
  -ms-flex-pack: center;
  justify-content: center;
  padding-bottom: 5px;
  padding-left: 5px;
  padding-right: 5px;
  padding-top: 2px;
  -webkit-text-decoration: none;
  text-decoration: none;
  width: 2rem;
}

@media screen and (prefers-reduced-motion:no-preference) {
  .c1 .autolink {
    -webkit-transition-duration: 500ms;
    transition-duration: 500ms;
    -webkit-transition-property: opacity;
    transition-property: opacity;
    -webkit-transition-timing-function: ease-in-out;
    transition-timing-function: ease-in-out;
  }
}

@media (min-width:768px) {
  .c0 {
    grid-column: 2 / 9;
    grid-row: 5;
  }
}

@media (min-width:1200px) {
  .c0 {
    grid-column: 5 / 11;
  }
}

<div
  class="c0"
  data-sal="slide-up"
  data-sal-duration="800"
>
  <h2
    class="c1"
  >
    My Haiku
    <span>
       
    </span>
  </h2>
  <p
    class="c2"
  >
    These links lead you to some of the haiku that I have written over the years:
  </p>
  <ol
    class="c3"
  >
    <li
      class="c4"
    >
      <a
        block="0"
        class="c5 c6"
        href="/haiku/1/"
      >
        1
      </a>
    </li>
    <li
      class="c4"
    >
      <a
        block="0"
        class="c5 c6"
        href="/haiku/2/"
      >
        2
      </a>
    </li>
  </ol>
</div>
`;
