// Jest Snapshot v1, https://goo.gl/fbAQLP

exports[`Table renders correctly 1`] = `
.c0 {
  border-collapse: collapse;
  width: 100%;
}

.c0 td {
  border-top-color: var(--colorTextSoftInverse);
  border-top-style: solid;
  border-top-width: 1px;
}

.c0 th,
.c0 td {
  padding: 8px;
  text-align: left;
}

<table
  class="c0"
>
  <thead>
    <tr>
      <th>
        Table Header
      </th>
      <th>
        Table Header
      </th>
      <th>
        Table Header
      </th>
    </tr>
  </thead>
  <tbody>
    <tr>
      <td>
        Table Cell
      </td>
      <td>
        Table Cell
      </td>
      <td>
        Table Cell
      </td>
    </tr>
    <tr>
      <td>
        Table Cell
      </td>
      <td>
        Table Cell
      </td>
      <td>
        Table Cell
      </td>
    </tr>
    <tr>
      <td>
        Table Cell
      </td>
      <td>
        Table Cell
      </td>
      <td>
        Table Cell
      </td>
    </tr>
  </tbody>
</table>
`;
