// Jest Snapshot v1, https://goo.gl/fbAQLP

exports[`Projects BambooIllustration renders correctly 1`] = `
.c0 {
  display: grid;
  grid-column: 1 / -1;
  grid-template-columns: repeat(18,1fr);
}

.c1 {
  display: grid;
  -webkit-box-pack: center;
  -webkit-justify-content: center;
  -ms-flex-pack: center;
  justify-content: center;
  justify-items: center;
  -webkit-align-items: center;
  -webkit-box-align: center;
  -ms-flex-align: center;
  align-items: center;
  -webkit-box-pack: inherit;
  -webkit-justify-content: inherit;
  -ms-flex-pack: inherit;
  justify-content: inherit;
  justify-items: inherit;
  grid-column: 1 / -1;
}

.c2 {
  background-color: var(--colorForegroundFeather);
  box-sizing: border-box;
  padding-bottom: 5.55vw;
  padding-right: 5.55vw;
}

@media screen and (prefers-reduced-motion:no-preference) {

}

@media (min-width:768px) {

}

@media (min-width:768px) {

}

@media (min-width:768px) {

}

@media (min-width:768px) {

}

@media (min-width:768px) {

}

<section
  class="c0"
  data-sal="slide-up"
  data-sal-duration="800"
>
  <div
    class="c1"
  >
    <div
      class="c2"
    >
      <img
        alt="Bamboo Illustration"
        src="[object Object]"
      />
    </div>
  </div>
</section>
`;
